@@@ start=-100 end=100 step=3 cur=-19
@@@ start=-100 end=100 step=3 cur=-16
@@@ start=-100 end=100 step=3 cur=-13
@@@ start=-100 end=100 step=3 cur=-10
@@@ start=-100 end=100 step=3 cur=-7
@@@ start=-100 end=100 step=3 cur=-4
@@@ start=-100 end=100 step=3 cur=-1
@@@ start=-100 end=100 step=3 cur=2
