@@@ start=1 end=12 step=1 cur=5
@@@ start=1 end=12 step=1 cur=10
